# Runtime Environment Check - Iteration 57
# Generated: 2026-05-27T09:02:00Z

## Summary
Iteration 57 is a preservation iteration maintaining Phase A validation state.
No code changes. Workflow remains staged locally, unpushed due to PAT scope limitation.

## Local CI Gate Test Results (55th consecutive pass)
- Run ID: 20260527T020127
- Job: spec-lint (PASS) - OpenAPI schema validation via openapi-spec-validator
- Job: gen-typescript-web (PASS) - Generated TypeScript types for Web frontend (37ms transform, 12ms setup, 11ms collect, 2ms tests)
- Job: gen-typescript-admin (PASS) - Generated TypeScript types for Admin frontend (12ms transform, 11ms setup, 11ms collect, 2ms tests)
- Job: contract-consistency (PASS) - Pre/post schema hash match
- Overall: 4/4 jobs passed

## Schema Hash Stability
- Current hash: 857368d5c88e75103334b16aa14d7e4f08b146a273606058a288a41c82be8d0d
- Stable for 34 consecutive iterations (iter 24-57)
- Zero changes to OpenAPI specification across this window

## Workflow Status
- Path: isolated_autoruns/yunmao/.github/workflows/openapi-contract.yml
- Git staged: Yes (added in iter 53)
- Parent repo gitignore: Line 26 (isolated_autoruns/) - still in effect
- Push attempt (iter 53): FAILED
- Rejection reason: PAT lacks 'workflow' scope required to create/update workflow files
- Subdirectory workflow detection: GitHub Actions only reads .github/workflows/ at repo root, not in subdirectories

## Runtime Blocker (Unchanged from iter 53)
The PAT (Personal Access Token) lacks the 'workflow' scope required to push workflow files to .github/workflows/ at the repository root. This prevents GitHub Actions from executing the openapi-contract workflow in a controlled CI environment.

### What this means:
1. Local validation: Fully functional and stable (55 consecutive passes)
2. Subdirectory workflow: Committed but ignored by GitHub Actions platform
3. Root workflow push: Blocked by PAT scope limitation
4. Exit criteria: Cannot be declared "approved" without evidence of execution in controlled CI environment

## Resolution Paths (Requires Stakeholder Action)
1. Regenerate PAT with 'workflow' scope, retry push to root .github/workflows/openapi-contract.yml
2. Manually create workflow via GitHub web UI (bypasses PAT scope check)
3. Use SSH deploy key with workflow permissions
4. Accept local-only validation as sufficient for Phase A exit criteria (requires explicit stakeholder approval)

## Evidence
- Gate test logs: gate-run.log, gate-jobs.json (Run ID: 20260527T020127)
- Individual job logs: spec-lint.log, gen-typescript-web.log, gen-typescript-admin.log, contract-consistency.log
- Audit payload: audit_payload_iteration_57.json
- Artifact inventory: artifact_inventory.txt
