# Runtime Environment Check - Iteration 60
Generated: 2026-05-27T09:17:30Z

## Local Gate Test Results (58th consecutive pass)
- Run ID: 20260527T021726
- Job: spec-lint → PASS
- Job: gen-typescript-web → PASS (372ms)
- Job: gen-typescript-admin → PASS (336ms)
- Job: contract-consistency → PASS
- Overall Result: ALL 4 JOBS PASSED

## Schema Hash Stability
- Hash: 857368d5c88e75103334b16aa14d7e4f08b146a273606058a288a41c82be8d0d
- Stable for: 37 consecutive iterations (iter 24-60)
- Last change: iter 23

## Cumulative Statistics
- Total local gate passes: 58 (iter 19-60)
- Total jobs executed: 232 (58 × 4)
- Total jobs failed: 0
- Success rate: 100%

## Runtime Blocker Status (Unchanged)
- Blocker: PAT lacks 'workflow' scope
- Established: iter 53
- Duration: 8 iterations (iter 53-60)
- Impact: Cannot push .github/workflows/openapi-contract.yml to repo root

## Resolution Path
- Generate new PAT with 'workflow' scope
- Push workflow files to .github/workflows/
- Monitor GitHub Actions execution
- Capture controlled CI execution evidence
- Declare Phase A exit ready

## Analysis of Blocker Persistence
This is the 8th iteration since the blocker was established (iter 53-60):
- Iter 53: Definitive runtime evidence captured via git push experiments
- Iter 54-60: Preservation iterations maintaining blocker documentation
- No local code change can resolve this external dependency
- Requires stakeholder intervention: (1) regenerate PAT with 'workflow' scope, (2) manually create workflow via GitHub web UI, or (3) formally accept local-only validation as sufficient
