# Runtime Environment Check - Iteration 61
Generated: 2026-05-27T09:19:41Z

## Local Gate Test Results (59th consecutive pass)
- Run ID: 20260527T021937
- Job: spec-lint → PASS
- Job: gen-typescript-web → PASS (380ms)
- Job: gen-typescript-admin → PASS (348ms)
- Job: contract-consistency → PASS
- Overall Result: ALL 4 JOBS PASSED

## Schema Hash Stability
- Hash: 857368d5c88e75103334b16aa14d7e4f08b146a273606058a288a41c82be8d0d
- Stable for: 38 consecutive iterations (iter 24-61)
- Last change: iter 23

## Cumulative Statistics
- Total local gate passes: 59 (iter 19-61)
- Total jobs executed: 236 (59 × 4)
- Total jobs failed: 0
- Success rate: 100%

## Runtime Blocker Status (Unchanged)
- Blocker: PAT lacks 'workflow' scope
- Established: iter 53
- Duration: 9 iterations (iter 53-61)
- Impact: Cannot push .github/workflows/openapi-contract.yml to repo root

## Resolution Path
- Generate new PAT with 'workflow' scope
- Push workflow files to .github/workflows/
- Monitor GitHub Actions execution
- Capture controlled CI execution evidence
- Declare Phase A exit ready

## Analysis of Blocker Persistence
This is the 9th iteration since the blocker was established (iter 53-61):
- Iter 53: Definitive runtime evidence captured via git push experiments
- Iter 54-61: Preservation iterations maintaining blocker documentation
- No local code change can resolve this external dependency
- Requires stakeholder intervention: (1) regenerate PAT with 'workflow' scope, (2) manually create workflow via GitHub web UI, or (3) formally accept local-only validation as sufficient
