pat_scope_probe_iteration_94.log

This file captures a FRESH remote push probe executed during iteration 94 to verify
the runtime blocker is real and reproducible. The probe was executed in the current
main session; it is not an iterative narrative carried over from earlier evidence.

=== PROBE PROCEDURE ===

1. Workflow file exists on disk (verified via ls):
   path:  .github/workflows/openapi-contract.yml
   size:  3585 bytes
   mtime: May 27 01:49  (original)

2. File is NOT tracked by git:
   $ git ls-files .github/workflows/
   (empty — nothing tracked)

3. File CAN be added locally (git add -n succeeds):
   $ git add -n .github/workflows/openapi-contract.yml
   add '.github/workflows/openapi-contract.yml'

4. Local commit of the workflow file succeeds:
   [feature/yunmao-openapi-contract-20260526223017 e1937ca] probe: iter94 test PAT scope push

5. Push to fork/branch REJECTED by remote with explicit PAT scope error:

   To https://github.com/AIseek2025/claw-code.git
    ! [remote rejected] feature/yunmao-openapi-contract-20260526223017 -> feature/yunmao-openapi-contract-20260526223017
        (refusing to allow a Personal Access Token to create or update workflow
        `.github/workflows/openapi-contract.yml` without `workflow` scope)
   error: failed to push some refs to 'https://github.com/AIseek2025/claw-code.git'

6. Probe commit was reverted after capture:
   HEAD is now at c12a725 iter-93: preserve state (4/4 gates pass, blocker unchanged: PAT lacks workflow scope)

=== AUDIT-RELEVANT FINDINGS ===

- The PAT scope blocker claim is now backed by THIS ITERATION's fresh remote
  rejection message (not just carryover from iter 53).
- The workflow file exists on disk but cannot be tracked/pushed to the feature
  branch on the fork because push-time permission check rejects it.
- This confirms the Phase A controlled-CI validation exit criterion cannot be
  satisfied without one of:
    (a) a new PAT with the `workflow` scope,
    (b) a manual creation of the workflow via the GitHub UI, or
    (c) formal acceptance of local-only validation as sufficient.
- Branch state: still on `feature/yunmao-openapi-contract-20260526223017`,
  clean and at commit c12a725 after probe revert.
