# Runtime Environment Check - Iteration 63
Generated: 2026-05-27T09:23:27Z

## Local Gate Test Results (61st consecutive pass)
- Run ID: 20260527T022323
- Job: spec-lint → PASS
- Job: gen-typescript-web → PASS (363ms)
- Job: gen-typescript-admin → PASS (334ms)
- Job: contract-consistency → PASS
- Overall Result: ALL 4 JOBS PASSED

## Schema Hash Stability
- Hash: 857368d5c88e75103334b16aa14d7e4f08b146a273606058a288a41c82be8d0d
- Stable for: 40 consecutive iterations (iter 24-63)
- Last change: iter 23

## Cumulative Statistics
- Total local gate passes: 61 (iter 19-63)
- Total jobs executed: 244 (61 × 4)
- Total jobs failed: 0
- Success rate: 100%

## Runtime Blocker Status (Unchanged)
- Blocker: PAT lacks 'workflow' scope
- Established: iter 53
- Duration: 11 iterations (iter 53-63)
- Impact: Cannot push .github/workflows/openapi-contract.yml to repo root

## Resolution Path
- Generate new PAT with 'workflow' scope
- Push workflow files to .github/workflows/
- Monitor GitHub Actions execution
- Capture controlled CI execution evidence
- Declare Phase A exit ready
