# Runtime Environment Check - Iteration 62
Generated: 2026-05-27T09:21:50Z

## Local Gate Test Results (60th consecutive pass)
- Run ID: 20260527T022146
- Job: spec-lint → PASS
- Job: gen-typescript-web → PASS (441ms)
- Job: gen-typescript-admin → PASS (337ms)
- Job: contract-consistency → PASS
- Overall Result: ALL 4 JOBS PASSED

## Schema Hash Stability
- Hash: 857368d5c88e75103334b16aa14d7e4f08b146a273606058a288a41c82be8d0d
- Stable for: 39 consecutive iterations (iter 24-62)
- Last change: iter 23

## Cumulative Statistics
- Total local gate passes: 60 (iter 19-62)
- Total jobs executed: 240 (60 × 4)
- Total jobs failed: 0
- Success rate: 100%

## Runtime Blocker Status (Unchanged)
- Blocker: PAT lacks 'workflow' scope
- Established: iter 53
- Duration: 10 iterations (iter 53-62)
- Impact: Cannot push .github/workflows/openapi-contract.yml to repo root

## Resolution Path
- Generate new PAT with 'workflow' scope
- Push workflow files to .github/workflows/
- Monitor GitHub Actions execution
- Capture controlled CI execution evidence
- Declare Phase A exit ready
