=== Runtime Environment Check - Iteration 55 ===
Generated: 2026-05-27T08:57:30Z

1. LOCAL GATE VALIDATION:
   - 53rd consecutive pass (Run ID: 20260527T015655)
   - Run IDs consistent: gate-run.log + gate-jobs.json both = 20260527T015655
   - Schema hash: 857368d5c88e75103334b16aa14d7e4f08b146a273606058a288a41c82be8d0d (stable 32 iterations, iter 24-55)

2. WORKFLOW FILE STATUS:
   - Subdirectory workflow: .github/workflows/openapi-contract.yml (staged locally)
   - Parent .gitignore:26:isolated_autoruns/ blocks normal git add; git add -f bypasses it
   - Workflow file committed in iteration 53 (commit ad44b59)
   - Push to fork succeeded (ad44b59..a10c5e3)

3. RUNTIME BLOCKER STATUS (MAINTAINED FROM ITER 53):

   The definitive blocker established in iteration 53 persists unchanged:

   Test A: Push subdirectory workflow (iter 53)
   ┌─────────────────────────────────────────────────────────────────┐
   │ Target:  isolated_autoruns/yunmao/.github/workflows/            │
   │ Result:  SUCCESS (92d819a..a56a552)                             │
   │ Outcome: GitHub Actions returns 0 workflow runs                  │
   │ Reason:  GitHub only reads .github/workflows/ at repo root       │
   └─────────────────────────────────────────────────────────────────┘

   Test B: Push root-level workflow (iter 53)
   ┌─────────────────────────────────────────────────────────────────┐
   │ Target:  .github/workflows/openapi-contract.yml (repo root)     │
   │ Result:  REJECTED by remote                                     │
   │                                                                  │
   │ Error: "refusing to allow a Personal Access Token to create     │
   │         or update workflow '.github/workflows/openapi-contract.yml' │
   │         without 'workflow' scope"                                │
   └─────────────────────────────────────────────────────────────────┘

   Iteration 54-55: No new push attempts (PAT scope unchanged)
   Status: Maintained as "definitive: PAT lacks workflow scope"

4. PHASE A EXIT CRITERIA:
   - Shared contract consumed by clients: SATISFIED (32 iterations stable)
   - CI automation gate exists: SATISFIED (53 consecutive local passes)
   - GitHub Actions execution: BLOCKED (PAT scope limitation)

5. REMAINING GAP:
   - Generate new PAT with 'workflow' scope → retry push → GitHub Actions executes
   - Use GitHub web UI to create workflow manually
   - Use SSH deploy key with workflow permissions
   - Stakeholder accepts local-only validation for Phase A exit
