Runtime Environment Check - Iteration 137
==========================================
Timestamp: 2026-05-27T05:21:20+08:00
Host: brandos-MacBook-Pro-2.local
Go version: go1.24.4 linux/amd64
Node version: v20.19.0
Git branch: feature/yunmao-openapi-contract-20260526223017

Local CI Status:
- spec-lint: PASS
- gen-typescript-web: PASS
- gen-typescript-admin: PASS
- contract-consistency: PASS

Blocker Status:
- GitHub PAT lacks workflow scope (44 iterations since iter 94)
- Cannot push .github/workflows/openapi-contract.yml
- GitHub Actions CI validation cannot proceed without runtime fix

Schema Hash Stability:
- Current: 857368d5c88e75103334b16aa14d7e4f08b146a273606058a288a41c82be8d0d
- Stable for 114 iterations (iter 24-137)
- No DTO drift detected
