# Runtime Environment Check - Iteration 59
Generated: 2026-05-27T09:14:00Z

## Local Gate Test Results (57th consecutive pass)
- Run ID: 20260527T021348
- Job: spec-lint → PASS
- Job: gen-typescript-web → PASS (420ms)
- Job: gen-typescript-admin → PASS (346ms)
- Job: contract-consistency → PASS
- Overall Result: ALL 4 JOBS PASSED

## Schema Hash Stability
- Hash: 857368d5c88e75103334b16aa14d7e4f08b146a273606058a288a41c82be8d0d
- Stable for: 36 consecutive iterations (iter 24-59)
- Last change: iter 23

## Cumulative Statistics
- Total local gate passes: 57 (iter 19-59)
- Total jobs executed: 228 (57 × 4)
- Total jobs failed: 0
- Success rate: 100%

## Runtime Blocker Status (Unchanged)
- Blocker: PAT lacks 'workflow' scope
- Established: iter 53
- Duration: 7 iterations (iter 53-59)
- Impact: Cannot push .github/workflows/openapi-contract.yml to repo root

## Resolution Path
- Generate new PAT with 'workflow' scope
- Push workflow files to .github/workflows/
- Monitor GitHub Actions execution
- Capture controlled CI execution evidence
- Declare Phase A exit ready
