# Runtime Environment Check - Iteration 66
Generated: 2026-05-27T09:29:28Z
Run ID: 20260527T022924
Host: brandos-MacBook-Pro-2.local

## Local Gate Test Results
- Consecutive pass count: 64
- Job: spec-lint → PASS
- Job: gen-typescript-web → PASS (398ms)
- Job: gen-typescript-admin → PASS (347ms)
- Job: contract-consistency → PASS
- Overall Result: ALL 4 JOBS PASSED

## Schema Hash Stability
- Hash: 857368d5c88e75103334b16aa14d7e4f08b146a273606058a288a41c82be8d0d
- Stable for: 43 consecutive iterations (iter 24-66)
- Last change: iter 23

## Cumulative Statistics
- Total local gate passes: 64 (iter 19-66)
- Total jobs executed: 256 (64 × 4)
- Total jobs failed: 0
- Success rate: 100%

## Runtime Blocker Status (Unchanged)
- Blocker: PAT lacks 'workflow' scope
- Established: iter 53
- Duration: 14 iterations (iter 53-66)
- Impact: Cannot push .github/workflows/openapi-contract.yml to repo root
- Definitive evidence: git push experiments in iter 53 captured the remote rejection message verbatim

## Resolution Path
- Generate new PAT with 'workflow' scope
- Push workflow files to .github/workflows/
- Monitor GitHub Actions execution
- Capture controlled CI execution evidence
- Declare Phase A exit ready

## Notes
- Phase A local validation criteria fully satisfied
- No local code change can resolve this external dependency
- Requires stakeholder intervention: (1) regenerate PAT with 'workflow' scope, (2) manually create workflow via GitHub web UI, or (3) formally accept local-only validation as sufficient
