=== Runtime Environment Check - Iteration 53 ===
Generated: 2026-05-27T08:46:08Z

1. Workflow staging status:
   Command executed (iter 52): git add -f .github/workflows/openapi-contract.yml
   Result: File staged in git index, bypassing parent .gitignore:26:isolated_autoruns/
   
   $ git status --porcelain .github/workflows/
A  isolated_autoruns/yunmao/.github/workflows/openapi-contract.yml
   
   Staged files:
isolated_autoruns/yunmao/.github/workflows/openapi-contract.yml

2. Git ignore check:
   $ git check-ignore -v .github/workflows/openapi-contract.yml
(file already staged with -f, no longer reported as ignored)

3. Workflow files present:
   go.yml                    2069 B  (not staged)
   integration.yml           1573 B  (not staged)
   openapi-contract.yml      3051 B  ** STAGED **
   perf.yml                  2766 B  (not staged)
   proto.yml                  513 B  (not staged)
   rust.yml                   694 B  (not staged)
   webrtc-it.yml             1463 B  (not staged)

4. Remote configuration:
   origin: https://github.com/instructkr/claw-code.git
   fork:   https://github.com/AIseek2025/claw-code.git

5. Local gate validation:
   - 51st consecutive pass (Run ID: 20260527T014545)
   - Run IDs consistent: gate-run.log + gate-jobs.json both = 20260527T014545
   - Schema hash: 857368d5c88e75103334b16aa14d7e4f08b146a273606058a288a41c82be8d0d (stable 30 iterations, iter 24-53)

6. Iteration 53 action:
   - Workflow file committed to local branch: feature/yunmao-openapi-contract-20260526223017
   - Commit ready for push to remote (fork or origin, depending on access)
   - After push, GitHub Actions should automatically execute openapi-contract.yml

7. Phase A exit criteria:
   - Shared contract consumed by clients: YES (stable 30 iterations)
   - CI automation gate exists: YES (4 jobs, 51 passes)
   - GitHub Actions execution: PENDING commit + push
