{
  "iteration": 76,
  "timestamp": "2026-05-27T09:58:18Z",
  "host": "brandos-MacBook-Pro-2.local",
  "user": "brando",
  "repo": "/Users/brando/Documents/trae_projects/CodeMaster/isolated_autoruns/yunmao",
  "run_id": "20260527T025814",
  "phase": "A",
  "status": "blocked_on_runtime",
  "local_validation": {
    "status": "passed",
    "consecutive_passes": 74,
    "jobs_executed": 4,
    "jobs_passed": 4,
    "jobs_failed": 0,
    "schema_hash": "857368d5c88e75103334b16aa14d7e4f08b146a273606058a288a41c82be8d0d",
    "schema_stability_iterations": 53
  },
  "controlled_ci_validation": {
    "status": "blocked",
    "reason": "PAT lacks workflow scope",
    "duration_iterations": 24,
    "resolution_options": [
      "Generate new PAT with workflow scope",
      "Manual GitHub UI workflow creation",
      "Stakeholder acceptance of local-only validation"
    ]
  },
  "cumulative_statistics": {
    "total_iterations": 76,
    "local_gate_test_runs": 74,
    "local_gate_consecutive_passes": 74,
    "total_jobs_executed": 296,
    "total_jobs_failed": 0,
    "success_rate_percentage": 100,
    "schema_stability_iterations": 53,
    "runtime_blocker_duration_iterations": 24
  },
  "phase_a_exit_criteria": {
    "schema_generated": "satisfied",
    "contract_consistency": "satisfied",
    "code_stability": "satisfied",
    "controlled_ci_execution": "blocked"
  },
  "next_iteration": 77,
  "blocker_status": "unchanged"
}
